Archive member included to satisfy reference by file (symbol)

C:/Users/Marisa/OneDrive/Desktop/STM32CubeIDE_1.14.1/STM32CubeIDE/plugins/com.st.stm32cube.ide.mcu.externaltools.gnu-tools-for-stm32.11.3.rel1.win32_1.1.100.202309141235/tools/bin/../lib/gcc/arm-none-eabi/11.3.1/../../../../arm-none-eabi/lib/thumb/v7e-m+fp/hard\libc_nano.a(libc_a-exit.o)
                              C:/Users/Marisa/OneDrive/Desktop/STM32CubeIDE_1.14.1/STM32CubeIDE/plugins/com.st.stm32cube.ide.mcu.externaltools.gnu-tools-for-stm32.11.3.rel1.win32_1.1.100.202309141235/tools/bin/../lib/gcc/arm-none-eabi/11.3.1/../../../../arm-none-eabi/lib/thumb/v7e-m+fp/hard/crt0.o (exit)
C:/Users/Marisa/OneDrive/Desktop/STM32CubeIDE_1.14.1/STM32CubeIDE/plugins/com.st.stm32cube.ide.mcu.externaltools.gnu-tools-for-stm32.11.3.rel1.win32_1.1.100.202309141235/tools/bin/../lib/gcc/arm-none-eabi/11.3.1/../../../../arm-none-eabi/lib/thumb/v7e-m+fp/hard\libc_nano.a(libc_a-findfp.o)
                              C:/Users/Marisa/OneDrive/Desktop/STM32CubeIDE_1.14.1/STM32CubeIDE/plugins/com.st.stm32cube.ide.mcu.externaltools.gnu-tools-for-stm32.11.3.rel1.win32_1.1.100.202309141235/tools/bin/../lib/gcc/arm-none-eabi/11.3.1/../../../../arm-none-eabi/lib/thumb/v7e-m+fp/hard\libc_nano.a(libc_a-exit.o) (__stdio_exit_handler)
C:/Users/Marisa/OneDrive/Desktop/STM32CubeIDE_1.14.1/STM32CubeIDE/plugins/com.st.stm32cube.ide.mcu.externaltools.gnu-tools-for-stm32.11.3.rel1.win32_1.1.100.202309141235/tools/bin/../lib/gcc/arm-none-eabi/11.3.1/../../../../arm-none-eabi/lib/thumb/v7e-m+fp/hard\libc_nano.a(libc_a-fwalk.o)
                              C:/Users/Marisa/OneDrive/Desktop/STM32CubeIDE_1.14.1/STM32CubeIDE/plugins/com.st.stm32cube.ide.mcu.externaltools.gnu-tools-for-stm32.11.3.rel1.win32_1.1.100.202309141235/tools/bin/../lib/gcc/arm-none-eabi/11.3.1/../../../../arm-none-eabi/lib/thumb/v7e-m+fp/hard\libc_nano.a(libc_a-findfp.o) (_fwalk_sglue)
C:/Users/Marisa/OneDrive/Desktop/STM32CubeIDE_1.14.1/STM32CubeIDE/plugins/com.st.stm32cube.ide.mcu.externaltools.gnu-tools-for-stm32.11.3.rel1.win32_1.1.100.202309141235/tools/bin/../lib/gcc/arm-none-eabi/11.3.1/../../../../arm-none-eabi/lib/thumb/v7e-m+fp/hard\libc_nano.a(libc_a-stdio.o)
                              C:/Users/Marisa/OneDrive/Desktop/STM32CubeIDE_1.14.1/STM32CubeIDE/plugins/com.st.stm32cube.ide.mcu.externaltools.gnu-tools-for-stm32.11.3.rel1.win32_1.1.100.202309141235/tools/bin/../lib/gcc/arm-none-eabi/11.3.1/../../../../arm-none-eabi/lib/thumb/v7e-m+fp/hard\libc_nano.a(libc_a-findfp.o) (__sread)
C:/Users/Marisa/OneDrive/Desktop/STM32CubeIDE_1.14.1/STM32CubeIDE/plugins/com.st.stm32cube.ide.mcu.externaltools.gnu-tools-for-stm32.11.3.rel1.win32_1.1.100.202309141235/tools/bin/../lib/gcc/arm-none-eabi/11.3.1/../../../../arm-none-eabi/lib/thumb/v7e-m+fp/hard\libc_nano.a(libc_a-vsprintf.o)
                              ./Core/Src/printf.o (vsprintf)
C:/Users/Marisa/OneDrive/Desktop/STM32CubeIDE_1.14.1/STM32CubeIDE/plugins/com.st.stm32cube.ide.mcu.externaltools.gnu-tools-for-stm32.11.3.rel1.win32_1.1.100.202309141235/tools/bin/../lib/gcc/arm-none-eabi/11.3.1/../../../../arm-none-eabi/lib/thumb/v7e-m+fp/hard\libc_nano.a(libc_a-memset.o)
                              C:/Users/Marisa/OneDrive/Desktop/STM32CubeIDE_1.14.1/STM32CubeIDE/plugins/com.st.stm32cube.ide.mcu.externaltools.gnu-tools-for-stm32.11.3.rel1.win32_1.1.100.202309141235/tools/bin/../lib/gcc/arm-none-eabi/11.3.1/../../../../arm-none-eabi/lib/thumb/v7e-m+fp/hard/crt0.o (memset)
C:/Users/Marisa/OneDrive/Desktop/STM32CubeIDE_1.14.1/STM32CubeIDE/plugins/com.st.stm32cube.ide.mcu.externaltools.gnu-tools-for-stm32.11.3.rel1.win32_1.1.100.202309141235/tools/bin/../lib/gcc/arm-none-eabi/11.3.1/../../../../arm-none-eabi/lib/thumb/v7e-m+fp/hard\libc_nano.a(libc_a-closer.o)
                              C:/Users/Marisa/OneDrive/Desktop/STM32CubeIDE_1.14.1/STM32CubeIDE/plugins/com.st.stm32cube.ide.mcu.externaltools.gnu-tools-for-stm32.11.3.rel1.win32_1.1.100.202309141235/tools/bin/../lib/gcc/arm-none-eabi/11.3.1/../../../../arm-none-eabi/lib/thumb/v7e-m+fp/hard\libc_nano.a(libc_a-stdio.o) (_close_r)
C:/Users/Marisa/OneDrive/Desktop/STM32CubeIDE_1.14.1/STM32CubeIDE/plugins/com.st.stm32cube.ide.mcu.externaltools.gnu-tools-for-stm32.11.3.rel1.win32_1.1.100.202309141235/tools/bin/../lib/gcc/arm-none-eabi/11.3.1/../../../../arm-none-eabi/lib/thumb/v7e-m+fp/hard\libc_nano.a(libc_a-reent.o)
                              C:/Users/Marisa/OneDrive/Desktop/STM32CubeIDE_1.14.1/STM32CubeIDE/plugins/com.st.stm32cube.ide.mcu.externaltools.gnu-tools-for-stm32.11.3.rel1.win32_1.1.100.202309141235/tools/bin/../lib/gcc/arm-none-eabi/11.3.1/../../../../arm-none-eabi/lib/thumb/v7e-m+fp/hard\libc_nano.a(libc_a-closer.o) (errno)
[...]
Memory Configuration

Name             Origin             Length             Attributes
RAM              0x0000000020000000 0x0000000000018000 xrw
RAM2             0x0000000010000000 0x0000000000008000 xrw
FLASH            0x0000000008000000 0x0000000000100000 xr
*default*        0x0000000000000000 0xffffffffffffffff

Linker script and memory map

LOAD C:/Users/Marisa/OneDrive/Desktop/STM32CubeIDE_1.14.1/STM32CubeIDE/plugins/com.st.stm32cube.ide.mcu.externaltools.gnu-tools-for-stm32.11.3.rel1.win32_1.1.100.202309141235/tools/bin/../lib/gcc/arm-none-eabi/11.3.1/thumb/v7e-m+fp/hard/crti.o
LOAD C:/Users/Marisa/OneDrive/Desktop/STM32CubeIDE_1.14.1/STM32CubeIDE/plugins/com.st.stm32cube.ide.mcu.externaltools.gnu-tools-for-stm32.11.3.rel1.win32_1.1.100.202309141235/tools/bin/../lib/gcc/arm-none-eabi/11.3.1/thumb/v7e-m+fp/hard/crtbegin.o
LOAD C:/Users/Marisa/OneDrive/Desktop/STM32CubeIDE_1.14.1/STM32CubeIDE/plugins/com.st.stm32cube.ide.mcu.externaltools.gnu-tools-for-stm32.11.3.rel1.win32_1.1.100.202309141235/tools/bin/../lib/gcc/arm-none-eabi/11.3.1/../../../../arm-none-eabi/lib/thumb/v7e-m+fp/hard/crt0.o
LOAD ./Core/Src/GPIO.o
LOAD ./Core/Src/UART.o
LOAD ./Core/Src/main.o
LOAD ./Core/Src/printf.o
LOAD ./Core/Src/stm32l4xx_hal_msp.o
LOAD ./Core/Src/stm32l4xx_it.o
LOAD ./Core/Src/syscalls.o
LOAD ./Core/Src/sysmem.o
LOAD ./Core/Src/system_stm32l4xx.o
LOAD ./Core/Startup/startup_stm32l476rgtx.o
LOAD ./Drivers/STM32L4xx_HAL_Driver/Src/stm32l4xx_hal.o
LOAD ./Drivers/STM32L4xx_HAL_Driver/Src/stm32l4xx_hal_cortex.o
LOAD ./Drivers/STM32L4xx_HAL_Driver/Src/stm32l4xx_hal_dma.o
LOAD ./Drivers/STM32L4xx_HAL_Driver/Src/stm32l4xx_hal_dma_ex.o
LOAD ./Drivers/STM32L4xx_HAL_Driver/Src/stm32l4xx_hal_exti.o
LOAD ./Drivers/STM32L4xx_HAL_Driver/Src/stm32l4xx_hal_flash.o
LOAD ./Drivers/STM32L4xx_HAL_Driver/Src/stm32l4xx_hal_flash_ex.o
LOAD ./Drivers/STM32L4xx_HAL_Driver/Src/stm32l4xx_hal_flash_ramfunc.o
LOAD ./Drivers/STM32L4xx_HAL_Driver/Src/stm32l4xx_hal_gpio.o
LOAD ./Drivers/STM32L4xx_HAL_Driver/Src/stm32l4xx_hal_i2c.o
LOAD ./Drivers/STM32L4xx_HAL_Driver/Src/stm32l4xx_hal_i2c_ex.o
LOAD ./Drivers/STM32L4xx_HAL_Driver/Src/stm32l4xx_hal_pwr.o
LOAD ./Drivers/STM32L4xx_HAL_Driver/Src/stm32l4xx_hal_pwr_ex.o
LOAD ./Drivers/STM32L4xx_HAL_Driver/Src/stm32l4xx_hal_rcc.o
LOAD ./Drivers/STM32L4xx_HAL_Driver/Src/stm32l4xx_hal_rcc_ex.o
LOAD ./Drivers/STM32L4xx_HAL_Driver/Src/stm32l4xx_hal_tim.o
LOAD ./Drivers/STM32L4xx_HAL_Driver/Src/stm32l4xx_hal_tim_ex.o
LOAD ./Drivers/STM32L4xx_HAL_Driver/Src/stm32l4xx_hal_uart.o
LOAD ./Drivers/STM32L4xx_HAL_Driver/Src/stm32l4xx_hal_uart_ex.o
START GROUP
LOAD C:/Users/Marisa/OneDrive/Desktop/STM32CubeIDE_1.14.1/STM32CubeIDE/plugins/com.st.stm32cube.ide.mcu.externaltools.gnu-tools-for-stm32.11.3.rel1.win32_1.1.100.202309141235/tools/bin/../lib/gcc/arm-none-eabi/11.3.1/../../../../arm-none-eabi/lib/thumb/v7e-m+fp/hard\libc_nano.a
LOAD C:/Users/Marisa/OneDrive/Desktop/STM32CubeIDE_1.14.1/STM32CubeIDE/plugins/com.st.stm32cube.ide.mcu.externaltools.gnu-tools-for-stm32.11.3.rel1.win32_1.1.100.202309141235/tools/bin/../lib/gcc/arm-none-eabi/11.3.1/../../../../arm-none-eabi/lib/thumb/v7e-m+fp/hard\libm.a
END GROUP
START GROUP
LOAD C:/Users/Marisa/OneDrive/Desktop/STM32CubeIDE_1.14.1/STM32CubeIDE/plugins/com.st.stm32cube.ide.mcu.externaltools.gnu-tools-for-stm32.11.3.rel1.win32_1.1.100.202309141235/tools/bin/../lib/gcc/arm-none-eabi/11.3.1/thumb/v7e-m+fp/hard\libgcc.a
LOAD C:/Users/Marisa/OneDrive/Desktop/STM32CubeIDE_1.14.1/STM32CubeIDE/plugins/com.st.stm32cube.ide.mcu.externaltools.gnu-tools-for-stm32.11.3.rel1.win32_1.1.100.202309141235/tools/bin/../lib/gcc/arm-none-eabi/11.3.1/../../../../arm-none-eabi/lib/thumb/v7e-m+fp/hard\libc_nano.a
END GROUP
START GROUP
LOAD C:/Users/Marisa/OneDrive/Desktop/STM32CubeIDE_1.14.1/STM32CubeIDE/plugins/com.st.stm32cube.ide.mcu.externaltools.gnu-tools-for-stm32.11.3.rel1.win32_1.1.100.202309141235/tools/bin/../lib/gcc/arm-none-eabi/11.3.1/thumb/v7e-m+fp/hard\libgcc.a
LOAD C:/Users/Marisa/OneDrive/Desktop/STM32CubeIDE_1.14.1/STM32CubeIDE/plugins/com.st.stm32cube.ide.mcu.externaltools.gnu-tools-for-stm32.11.3.rel1.win32_1.1.100.202309141235/tools/bin/../lib/gcc/arm-none-eabi/11.3.1/../../../../arm-none-eabi/lib/thumb/v7e-m+fp/hard\libc_nano.a
LOAD C:/Users/Marisa/OneDrive/Desktop/STM32CubeIDE_1.14.1/STM32CubeIDE/plugins/com.st.stm32cube.ide.mcu.externaltools.gnu-tools-for-stm32.11.3.rel1.win32_1.1.100.202309141235/tools/bin/../lib/gcc/arm-none-eabi/11.3.1/../../../../arm-none-eabi/lib/thumb/v7e-m+fp/hard\libnosys.a
END GROUP
START GROUP
LOAD C:/Users/Marisa/OneDrive/Desktop/STM32CubeIDE_1.14.1/STM32CubeIDE/plugins/com.st.stm32cube.ide.mcu.externaltools.gnu-tools-for-stm32.11.3.rel1.win32_1.1.100.202309141235/tools/bin/../lib/gcc/arm-none-eabi/11.3.1/thumb/v7e-m+fp/hard\libgcc.a
LOAD C:/Users/Marisa/OneDrive/Desktop/STM32CubeIDE_1.14.1/STM32CubeIDE/plugins/com.st.stm32cube.ide.mcu.externaltools.gnu-tools-for-stm32.11.3.rel1.win32_1.1.100.202309141235/tools/bin/../lib/gcc/arm-none-eabi/11.3.1/../../../../arm-none-eabi/lib/thumb/v7e-m+fp/hard\libc_nano.a
LOAD C:/Users/Marisa/OneDrive/Desktop/STM32CubeIDE_1.14.1/STM32CubeIDE/plugins/com.st.stm32cube.ide.mcu.externaltools.gnu-tools-for-stm32.11.3.rel1.win32_1.1.100.202309141235/tools/bin/../lib/gcc/arm-none-eabi/11.3.1/../../../../arm-none-eabi/lib/thumb/v7e-m+fp/hard\libnosys.a
END GROUP
LOAD C:/Users/Marisa/OneDrive/Desktop/STM32CubeIDE_1.14.1/STM32CubeIDE/plugins/com.st.stm32cube.ide.mcu.externaltools.gnu-tools-for-stm32.11.3.rel1.win32_1.1.100.202309141235/tools/bin/../lib/gcc/arm-none-eabi/11.3.1/thumb/v7e-m+fp/hard/crtend.o
LOAD C:/Users/Marisa/OneDrive/Desktop/STM32CubeIDE_1.14.1/STM32CubeIDE/plugins/com.st.stm32cube.ide.mcu.externaltools.gnu-tools-for-stm32.11.3.rel1.win32_1.1.100.202309141235/tools/bin/../lib/gcc/arm-none-eabi/11.3.1/thumb/v7e-m+fp/hard/crtn.o
                0x0000000020018000                _estack = (ORIGIN (RAM) + LENGTH (RAM))
                0x0000000000000200                _Min_Heap_Size = 0x200
                0x0000000000000400                _Min_Stack_Size = 0x400

.isr_vector     0x0000000008000000      0x188
                0x0000000008000000                . = ALIGN (0x4)
 *(.isr_vector)
 .isr_vector    0x0000000008000000      0x188 ./Core/Startup/startup_stm32l476rgtx.o
                0x0000000008000000                g_pfnVectors
                0x0000000008000188                . = ALIGN (0x4)

.text           0x0000000008000188     0x444c
                0x0000000008000188                . = ALIGN (0x4)
 *(.text)
 .text          0x0000000008000188       0x40 C:/Users/Marisa/OneDrive/Desktop/STM32CubeIDE_1.14.1/STM32CubeIDE/plugins/com.st.stm32cube.ide.mcu.externaltools.gnu-tools-for-stm32.11.3.rel1.win32_1.1.100.202309141235/tools/bin/../lib/gcc/arm-none-eabi/11.3.1/thumb/v7e-m+fp/hard/crtbegin.o
 .text          0x00000000080001c8       0x30 C:/Users/Marisa/OneDrive/Desktop/STM32CubeIDE_1.14.1/STM32CubeIDE/plugins/com.st.stm32cube.ide.mcu.externaltools.gnu-tools-for-stm32.11.3.rel1.win32_1.1.100.202309141235/tools/bin/../lib/gcc/arm-none-eabi/11.3.1/thumb/v7e-m+fp/hard\libgcc.a(_aeabi_uldivmod.o)
                0x00000000080001c8                __aeabi_uldivmod
 .text          0x00000000080001f8      0x2c8 C:/Users/Marisa/OneDrive/Desktop/STM32CubeIDE_1.14.1/STM32CubeIDE/plugins/com.st.stm32cube.ide.mcu.externaltools.gnu-tools-for-stm32.11.3.rel1.win32_1.1.100.202309141235/tools/bin/../lib/gcc/arm-none-eabi/11.3.1/thumb/v7e-m+fp/hard\libgcc.a(_udivmoddi4.o)
                0x00000000080001f8                __udivmoddi4
 .text          0x00000000080004c0        0x4 C:/Users/Marisa/OneDrive/Desktop/STM32CubeIDE_1.14.1/STM32CubeIDE/plugins/com.st.stm32cube.ide.mcu.externaltools.gnu-tools-for-stm32.11.3.rel1.win32_1.1.100.202309141235/tools/bin/../lib/gcc/arm-none-eabi/11.3.1/thumb/v7e-m+fp/hard\libgcc.a(_dvmd_tls.o)
                0x00000000080004c0                __aeabi_idiv0
                0x00000000080004c0                __aeabi_ldiv0
 *(.text*)
 .text.GPIO_Init
                0x00000000080004c4      0x144 ./Core/Src/GPIO.o
                0x00000000080004c4                GPIO_Init
 .text.UART2_Init
                0x0000000008000608       0x48 ./Core/Src/UART.o
                0x0000000008000608                UART2_Init
 .text.UART2_GPIO_Init
                0x0000000008000650       0x90 ./Core/Src/UART.o
                0x0000000008000650                UART2_GPIO_Init
 .text.USART_Init
                0x00000000080006e0      0x10c ./Core/Src/UART.o
                0x00000000080006e0                USART_Init
 .text.main     0x00000000080007ec       0x4c ./Core/Src/main.o
                0x00000000080007ec                main
 .text.SystemClock_Config
                0x0000000008000838       0xa2 ./Core/Src/main.o
                0x0000000008000838                SystemClock_Config
 *fill*         0x00000000080008da        0x2 
 .text.MX_TIM3_Init
                0x00000000080008dc       0xf0 ./Core/Src/main.o
 .text.MX_USART2_UART_Init
                0x00000000080009cc       0x98 ./Core/Src/main.o
 .text.MX_GPIO_Init
                0x0000000008000a64       0xe0 ./Core/Src/main.o
 .text.Error_Handler
                0x0000000008000b44        0xa ./Core/Src/main.o
                0x0000000008000b44                Error_Handler
 *fill*         0x0000000008000b4e        0x2 
 .text.HAL_MspInit
                0x0000000008000b50       0x48 ./Core/Src/stm32l4xx_hal_msp.o
                0x0000000008000b50                HAL_MspInit
 .text.HAL_TIM_Base_MspInit
                0x0000000008000b98       0x40 ./Core/Src/stm32l4xx_hal_msp.o
                0x0000000008000b98                HAL_TIM_Base_MspInit
 .text.HAL_TIM_MspPostInit
                0x0000000008000bd8       0x6c ./Core/Src/stm32l4xx_hal_msp.o
                0x0000000008000bd8                HAL_TIM_MspPostInit
 .text.HAL_UART_MspInit
                0x0000000008000c44       0xb8 ./Core/Src/stm32l4xx_hal_msp.o
                0x0000000008000c44                HAL_UART_MspInit
 .text.NMI_Handler
                0x0000000008000cfc        0x6 ./Core/Src/stm32l4xx_it.o
                0x0000000008000cfc                NMI_Handler
 .text.HardFault_Handler
                0x0000000008000d02        0x6 ./Core/Src/stm32l4xx_it.o
                0x0000000008000d02                HardFault_Handler
 .text.MemManage_Handler
                0x0000000008000d08        0x6 ./Core/Src/stm32l4xx_it.o
                0x0000000008000d08                MemManage_Handler
 .text.BusFault_Handler
                0x0000000008000d0e        0x6 ./Core/Src/stm32l4xx_it.o
                0x0000000008000d0e                BusFault_Handler
 .text.UsageFault_Handler
                0x0000000008000d14        0x6 ./Core/Src/stm32l4xx_it.o
                0x0000000008000d14                UsageFault_Handler
 .text.SVC_Handler
                0x0000000008000d1a        0xe ./Core/Src/stm32l4xx_it.o
                0x0000000008000d1a                SVC_Handler
 .text.DebugMon_Handler
                0x0000000008000d28        0xe ./Core/Src/stm32l4xx_it.o
                0x0000000008000d28                DebugMon_Handler
 .text.PendSV_Handler
                0x0000000008000d36        0xe ./Core/Src/stm32l4xx_it.o
                0x0000000008000d36                PendSV_Handler
 .text.SysTick_Handler
                0x0000000008000d44        0xc ./Core/Src/stm32l4xx_it.o
                0x0000000008000d44                SysTick_Handler
 .text.SystemInit
                0x0000000008000d50       0x24 ./Core/Src/system_stm32l4xx.o
                0x0000000008000d50                SystemInit
 .text.Reset_Handler
                0x0000000008000d74       0x50 ./Core/Startup/startup_stm32l476rgtx.o
                0x0000000008000d74                Reset_Handler
 .text.Default_Handler
                0x0000000008000dc4        0x2 ./Core/Startup/startup_stm32l476rgtx.o
                0x0000000008000dc4                RTC_Alarm_IRQHandler
                0x0000000008000dc4                EXTI2_IRQHandler
                0x0000000008000dc4                TIM8_TRG_COM_IRQHandler
                0x0000000008000dc4                TIM8_CC_IRQHandler
                0x0000000008000dc4                TIM1_CC_IRQHandler
                0x0000000008000dc4                TSC_IRQHandler
                0x0000000008000dc4                TAMP_STAMP_IRQHandler
                0x0000000008000dc4                EXTI3_IRQHandler
                0x0000000008000dc4                LPTIM2_IRQHandler
                0x0000000008000dc4                DFSDM1_FLT1_IRQHandler
                0x0000000008000dc4                I2C3_ER_IRQHandler
                0x0000000008000dc4                DFSDM1_FLT2_IRQHandler
                0x0000000008000dc4                EXTI0_IRQHandler
                0x0000000008000dc4                I2C2_EV_IRQHandler
                0x0000000008000dc4                CAN1_RX0_IRQHandler
                0x0000000008000dc4                FPU_IRQHandler
                0x0000000008000dc4                TIM1_UP_TIM16_IRQHandler
                0x0000000008000dc4                ADC1_2_IRQHandler
                0x0000000008000dc4                SPI1_IRQHandler
                0x0000000008000dc4                TIM6_DAC_IRQHandler
                0x0000000008000dc4                TIM8_UP_IRQHandler
                0x0000000008000dc4                DMA2_Channel2_IRQHandler
                0x0000000008000dc4                DMA1_Channel4_IRQHandler
                0x0000000008000dc4                SAI2_IRQHandler
                0x0000000008000dc4                DFSDM1_FLT3_IRQHandler
                0x0000000008000dc4                USART3_IRQHandler
                0x0000000008000dc4                DMA1_Channel7_IRQHandler
                0x0000000008000dc4                CAN1_RX1_IRQHandler
                0x0000000008000dc4                LCD_IRQHandler
                0x0000000008000dc4                UART5_IRQHandler
                0x0000000008000dc4                ADC3_IRQHandler
                0x0000000008000dc4                TIM4_IRQHandler
                0x0000000008000dc4                DMA2_Channel1_IRQHandler
                0x0000000008000dc4                QUADSPI_IRQHandler
                0x0000000008000dc4                I2C1_EV_IRQHandler
                0x0000000008000dc4                DMA1_Channel6_IRQHandler
                0x0000000008000dc4                UART4_IRQHandler
                0x0000000008000dc4                DMA2_Channel4_IRQHandler
                0x0000000008000dc4                TIM3_IRQHandler
                0x0000000008000dc4                RCC_IRQHandler
                0x0000000008000dc4                DMA1_Channel1_IRQHandler
                0x0000000008000dc4                Default_Handler
                0x0000000008000dc4                DMA2_Channel7_IRQHandler
                0x0000000008000dc4                EXTI15_10_IRQHandler
                0x0000000008000dc4                TIM7_IRQHandler
                0x0000000008000dc4                SDMMC1_IRQHandler
                0x0000000008000dc4                TIM5_IRQHandler
                0x0000000008000dc4                I2C3_EV_IRQHandler
                0x0000000008000dc4                EXTI9_5_IRQHandler
                0x0000000008000dc4                RTC_WKUP_IRQHandler
                0x0000000008000dc4                PVD_PVM_IRQHandler
                0x0000000008000dc4                SPI2_IRQHandler
                0x0000000008000dc4                CAN1_TX_IRQHandler
                0x0000000008000dc4                DMA2_Channel5_IRQHandler
                0x0000000008000dc4                DMA1_Channel5_IRQHandler
                0x0000000008000dc4                EXTI4_IRQHandler
                0x0000000008000dc4                RNG_IRQHandler
                0x0000000008000dc4                TIM1_TRG_COM_TIM17_IRQHandler
                0x0000000008000dc4                DMA1_Channel3_IRQHandler
                0x0000000008000dc4                COMP_IRQHandler
                0x0000000008000dc4                WWDG_IRQHandler
                0x0000000008000dc4                LPUART1_IRQHandler
                0x0000000008000dc4                DMA2_Channel6_IRQHandler
                0x0000000008000dc4                TIM2_IRQHandler
                0x0000000008000dc4                EXTI1_IRQHandler
                0x0000000008000dc4                USART2_IRQHandler
                0x0000000008000dc4                DFSDM1_FLT0_IRQHandler
                0x0000000008000dc4                I2C2_ER_IRQHandler
                0x0000000008000dc4                DMA1_Channel2_IRQHandler
                0x0000000008000dc4                TIM8_BRK_IRQHandler
                0x0000000008000dc4                CAN1_SCE_IRQHandler
                0x0000000008000dc4                FLASH_IRQHandler
                0x0000000008000dc4                USART1_IRQHandler
                0x0000000008000dc4                OTG_FS_IRQHandler
                0x0000000008000dc4                SPI3_IRQHandler
                0x0000000008000dc4                I2C1_ER_IRQHandler
                0x0000000008000dc4                FMC_IRQHandler
                0x0000000008000dc4                SWPMI1_IRQHandler
                0x0000000008000dc4                LPTIM1_IRQHandler
                0x0000000008000dc4                SAI1_IRQHandler
                0x0000000008000dc4                DMA2_Channel3_IRQHandler
                0x0000000008000dc4                TIM1_BRK_TIM15_IRQHandler
 *fill*         0x0000000008000dc6        0x2 
 .text.HAL_Init
                0x0000000008000dc8       0x74 ./Drivers/STM32L4xx_HAL_Driver/Src/stm32l4xx_hal.o
                0x0000000008000dc8                HAL_Init
 .text.HAL_InitTick
                0x0000000008000e3c       0x78 ./Drivers/STM32L4xx_HAL_Driver/Src/stm32l4xx_hal.o
                0x0000000008000e3c                HAL_InitTick
 .text.HAL_IncTick
                0x0000000008000eb4       0x28 ./Drivers/STM32L4xx_HAL_Driver/Src/stm32l4xx_hal.o
                0x0000000008000eb4                HAL_IncTick
 .text.HAL_GetTick
                0x0000000008000edc       0x18 ./Drivers/STM32L4xx_HAL_Driver/Src/stm32l4xx_hal.o
                0x0000000008000edc                HAL_GetTick
 .text.__NVIC_SetPriorityGrouping
                0x0000000008000ef4       0x48 ./Drivers/STM32L4xx_HAL_Driver/Src/stm32l4xx_hal_cortex.o
 .text.__NVIC_GetPriorityGrouping
                0x0000000008000f3c       0x1c ./Drivers/STM32L4xx_HAL_Driver/Src/stm32l4xx_hal_cortex.o
 .text.__NVIC_SetPriority
                0x0000000008000f58       0x54 ./Drivers/STM32L4xx_HAL_Driver/Src/stm32l4xx_hal_cortex.o
 .text.NVIC_EncodePriority
                0x0000000008000fac       0x66 ./Drivers/STM32L4xx_HAL_Driver/Src/stm32l4xx_hal_cortex.o
 *fill*         0x0000000008001012        0x2 
 .text.SysTick_Config
                0x0000000008001014       0x44 ./Drivers/STM32L4xx_HAL_Driver/Src/stm32l4xx_hal_cortex.o
 .text.HAL_NVIC_SetPriorityGrouping
                0x0000000008001058       0x16 ./Drivers/STM32L4xx_HAL_Driver/Src/stm32l4xx_hal_cortex.o
                0x0000000008001058                HAL_NVIC_SetPriorityGrouping
 .text.HAL_NVIC_SetPriority
                0x000000000800106e       0x38 ./Drivers/STM32L4xx_HAL_Driver/Src/stm32l4xx_hal_cortex.o
                0x000000000800106e                HAL_NVIC_SetPriority
 .text.HAL_SYSTICK_Config
                0x00000000080010a6       0x18 ./Drivers/STM32L4xx_HAL_Driver/Src/stm32l4xx_hal_cortex.o
                0x00000000080010a6                HAL_SYSTICK_Config
 *fill*         0x00000000080010be        0x2 
 .text.HAL_GPIO_Init
                0x00000000080010c0      0x354 ./Drivers/STM32L4xx_HAL_Driver/Src/stm32l4xx_hal_gpio.o
                0x00000000080010c0                HAL_GPIO_Init
 .text.HAL_GPIO_WritePin
                0x0000000008001414       0x30 ./Drivers/STM32L4xx_HAL_Driver/Src/stm32l4xx_hal_gpio.o
                0x0000000008001414                HAL_GPIO_WritePin
 .text.HAL_PWREx_GetVoltageRange
                0x0000000008001444       0x1c ./Drivers/STM32L4xx_HAL_Driver/Src/stm32l4xx_hal_pwr_ex.o
                0x0000000008001444                HAL_PWREx_GetVoltageRange
 .text.HAL_PWREx_ControlVoltageScaling
                0x0000000008001460       0xac ./Drivers/STM32L4xx_HAL_Driver/Src/stm32l4xx_hal_pwr_ex.o
                0x0000000008001460                HAL_PWREx_ControlVoltageScaling
 .text.HAL_RCC_OscConfig
                0x000000000800150c      0x7b8 ./Drivers/STM32L4xx_HAL_Driver/Src/stm32l4xx_hal_rcc.o
                0x000000000800150c                HAL_RCC_OscConfig
 .text.HAL_RCC_ClockConfig
                0x0000000008001cc4      0x200 ./Drivers/STM32L4xx_HAL_Driver/Src/stm32l4xx_hal_rcc.o
                0x0000000008001cc4                HAL_RCC_ClockConfig
 .text.HAL_RCC_GetSysClockFreq
                0x0000000008001ec4      0x118 ./Drivers/STM32L4xx_HAL_Driver/Src/stm32l4xx_hal_rcc.o
                0x0000000008001ec4                HAL_RCC_GetSysClockFreq
 .text.HAL_RCC_GetHCLKFreq
                0x0000000008001fdc       0x18 ./Drivers/STM32L4xx_HAL_Driver/Src/stm32l4xx_hal_rcc.o
                0x0000000008001fdc                HAL_RCC_GetHCLKFreq
 .text.HAL_RCC_GetPCLK1Freq
                0x0000000008001ff4       0x2c ./Drivers/STM32L4xx_HAL_Driver/Src/stm32l4xx_hal_rcc.o
                0x0000000008001ff4                HAL_RCC_GetPCLK1Freq
 .text.HAL_RCC_GetPCLK2Freq
                0x0000000008002020       0x2c ./Drivers/STM32L4xx_HAL_Driver/Src/stm32l4xx_hal_rcc.o
                0x0000000008002020                HAL_RCC_GetPCLK2Freq
 .text.RCC_SetFlashLatencyFromMSIRange
                0x000000000800204c       0xc0 ./Drivers/STM32L4xx_HAL_Driver/Src/stm32l4xx_hal_rcc.o
 .text.HAL_RCCEx_PeriphCLKConfig
                0x000000000800210c      0x5d4 ./Drivers/STM32L4xx_HAL_Driver/Src/stm32l4xx_hal_rcc_ex.o
                0x000000000800210c                HAL_RCCEx_PeriphCLKConfig
 .text.RCCEx_PLLSAI1_Config
                0x00000000080026e0      0x1e8 ./Drivers/STM32L4xx_HAL_Driver/Src/stm32l4xx_hal_rcc_ex.o
 .text.RCCEx_PLLSAI2_Config
                0x00000000080028c8      0x1bc ./Drivers/STM32L4xx_HAL_Driver/Src/stm32l4xx_hal_rcc_ex.o
 .text.HAL_TIM_Base_Init
                0x0000000008002a84       0xae ./Drivers/STM32L4xx_HAL_Driver/Src/stm32l4xx_hal_tim.o
                0x0000000008002a84                HAL_TIM_Base_Init
 .text.HAL_TIM_PWM_Init
                0x0000000008002b32       0xae ./Drivers/STM32L4xx_HAL_Driver/Src/stm32l4xx_hal_tim.o
                0x0000000008002b32                HAL_TIM_PWM_Init
 .text.HAL_TIM_PWM_MspInit
                0x0000000008002be0       0x14 ./Drivers/STM32L4xx_HAL_Driver/Src/stm32l4xx_hal_tim.o
                0x0000000008002be0                HAL_TIM_PWM_MspInit
 .text.HAL_TIM_PWM_Start
                0x0000000008002bf4      0x20c ./Drivers/STM32L4xx_HAL_Driver/Src/stm32l4xx_hal_tim.o
                0x0000000008002bf4                HAL_TIM_PWM_Start
 .text.HAL_TIM_PWM_ConfigChannel
                0x0000000008002e00      0x228 ./Drivers/STM32L4xx_HAL_Driver/Src/stm32l4xx_hal_tim.o
                0x0000000008002e00                HAL_TIM_PWM_ConfigChannel
 .text.HAL_TIM_ConfigClockSource
                0x0000000008003028      0x192 ./Drivers/STM32L4xx_HAL_Driver/Src/stm32l4xx_hal_tim.o
                0x0000000008003028                HAL_TIM_ConfigClockSource
 *fill*         0x00000000080031ba        0x2 
 .text.TIM_Base_SetConfig
                0x00000000080031bc      0x134 ./Drivers/STM32L4xx_HAL_Driver/Src/stm32l4xx_hal_tim.o
                0x00000000080031bc                TIM_Base_SetConfig
 .text.TIM_OC1_SetConfig
                0x00000000080032f0      0x120 ./Drivers/STM32L4xx_HAL_Driver/Src/stm32l4xx_hal_tim.o
 .text.TIM_OC2_SetConfig
                0x0000000008003410      0x114 ./Drivers/STM32L4xx_HAL_Driver/Src/stm32l4xx_hal_tim.o
                0x0000000008003410                TIM_OC2_SetConfig
 .text.TIM_OC3_SetConfig
                0x0000000008003524      0x110 ./Drivers/STM32L4xx_HAL_Driver/Src/stm32l4xx_hal_tim.o
 .text.TIM_OC4_SetConfig
                0x0000000008003634       0xd4 ./Drivers/STM32L4xx_HAL_Driver/Src/stm32l4xx_hal_tim.o
 .text.TIM_OC5_SetConfig
                0x0000000008003708       0xc8 ./Drivers/STM32L4xx_HAL_Driver/Src/stm32l4xx_hal_tim.o
 .text.TIM_OC6_SetConfig
                0x00000000080037d0       0xcc ./Drivers/STM32L4xx_HAL_Driver/Src/stm32l4xx_hal_tim.o
 .text.TIM_TI1_ConfigInputStage
                0x000000000800389c       0x5e ./Drivers/STM32L4xx_HAL_Driver/Src/stm32l4xx_hal_tim.o
 .text.TIM_TI2_ConfigInputStage
                0x00000000080038fa       0x60 ./Drivers/STM32L4xx_HAL_Driver/Src/stm32l4xx_hal_tim.o
 .text.TIM_ITRx_SetConfig
                0x000000000800395a       0x36 ./Drivers/STM32L4xx_HAL_Driver/Src/stm32l4xx_hal_tim.o
 .text.TIM_ETR_SetConfig
                0x0000000008003990       0x40 ./Drivers/STM32L4xx_HAL_Driver/Src/stm32l4xx_hal_tim.o
                0x0000000008003990                TIM_ETR_SetConfig
 .text.TIM_CCxChannelCmd
                0x00000000080039d0       0x4a ./Drivers/STM32L4xx_HAL_Driver/Src/stm32l4xx_hal_tim.o
                0x00000000080039d0                TIM_CCxChannelCmd
 *fill*         0x0000000008003a1a        0x2 
 .text.HAL_TIMEx_MasterConfigSynchronization
                0x0000000008003a1c      0x110 ./Drivers/STM32L4xx_HAL_Driver/Src/stm32l4xx_hal_tim_ex.o
                0x0000000008003a1c                HAL_TIMEx_MasterConfigSynchronization
 .text.HAL_UART_Init
                0x0000000008003b2c       0x9c ./Drivers/STM32L4xx_HAL_Driver/Src/stm32l4xx_hal_uart.o
                0x0000000008003b2c                HAL_UART_Init
 .text.UART_SetConfig
                0x0000000008003bc8      0x570 ./Drivers/STM32L4xx_HAL_Driver/Src/stm32l4xx_hal_uart.o
                0x0000000008003bc8                UART_SetConfig
 .text.UART_AdvFeatureConfig
                0x0000000008004138      0x144 ./Drivers/STM32L4xx_HAL_Driver/Src/stm32l4xx_hal_uart.o
                0x0000000008004138                UART_AdvFeatureConfig
 .text.UART_CheckIdleState
                0x000000000800427c      0x150 ./Drivers/STM32L4xx_HAL_Driver/Src/stm32l4xx_hal_uart.o
                0x000000000800427c                UART_CheckIdleState
 .text.UART_WaitOnFlagUntilTimeout
                0x00000000080043cc       0xce ./Drivers/STM32L4xx_HAL_Driver/Src/stm32l4xx_hal_uart.o
                0x00000000080043cc                UART_WaitOnFlagUntilTimeout
 .text.UART_EndRxTransfer
                0x000000000800449a       0xc8 ./Drivers/STM32L4xx_HAL_Driver/Src/stm32l4xx_hal_uart.o
 .text.memset   0x0000000008004562       0x10 C:/Users/Marisa/OneDrive/Desktop/STM32CubeIDE_1.14.1/STM32CubeIDE/plugins/com.st.stm32cube.ide.mcu.externaltools.gnu-tools-for-stm32.11.3.rel1.win32_1.1.100.202309141235/tools/bin/../lib/gcc/arm-none-eabi/11.3.1/../../../../arm-none-eabi/lib/thumb/v7e-m+fp/hard\libc_nano.a(libc_a-memset.o)
                0x0000000008004562                memset
 *fill*         0x0000000008004572        0x2 
 .text.__libc_init_array
                0x0000000008004574       0x48 C:/Users/Marisa/OneDrive/Desktop/STM32CubeIDE_1.14.1/STM32CubeIDE/plugins/com.st.stm32cube.ide.mcu.externaltools.gnu-tools-for-stm32.11.3.rel1.win32_1.1.100.202309141235/tools/bin/../lib/gcc/arm-none-eabi/11.3.1/../../../../arm-none-eabi/lib/thumb/v7e-m+fp/hard\libc_nano.a(libc_a-init.o)
                0x0000000008004574                __libc_init_array
 *(.glue_7)
 .glue_7        0x00000000080045bc        0x0 linker stubs
 *(.glue_7t)
 .glue_7t       0x00000000080045bc        0x0 linker stubs
 *(.eh_frame)
 .eh_frame      0x00000000080045bc        0x0 C:/Users/Marisa/OneDrive/Desktop/STM32CubeIDE_1.14.1/STM32CubeIDE/plugins/com.st.stm32cube.ide.mcu.externaltools.gnu-tools-for-stm32.11.3.rel1.win32_1.1.100.202309141235/tools/bin/../lib/gcc/arm-none-eabi/11.3.1/thumb/v7e-m+fp/hard/crtbegin.o
 *(.init)
 .init          0x00000000080045bc        0x4 C:/Users/Marisa/OneDrive/Desktop/STM32CubeIDE_1.14.1/STM32CubeIDE/plugins/com.st.stm32cube.ide.mcu.externaltools.gnu-tools-for-stm32.11.3.rel1.win32_1.1.100.202309141235/tools/bin/../lib/gcc/arm-none-eabi/11.3.1/thumb/v7e-m+fp/hard/crti.o
                0x00000000080045bc                _init
 .init          0x00000000080045c0        0x8 C:/Users/Marisa/OneDrive/Desktop/STM32CubeIDE_1.14.1/STM32CubeIDE/plugins/com.st.stm32cube.ide.mcu.externaltools.gnu-tools-for-stm32.11.3.rel1.win32_1.1.100.202309141235/tools/bin/../lib/gcc/arm-none-eabi/11.3.1/thumb/v7e-m+fp/hard/crtn.o
 *(.fini)
 .fini          0x00000000080045c8        0x4 C:/Users/Marisa/OneDrive/Desktop/STM32CubeIDE_1.14.1/STM32CubeIDE/plugins/com.st.stm32cube.ide.mcu.externaltools.gnu-tools-for-stm32.11.3.rel1.win32_1.1.100.202309141235/tools/bin/../lib/gcc/arm-none-eabi/11.3.1/thumb/v7e-m+fp/hard/crti.o
                0x00000000080045c8                _fini
 .fini          0x00000000080045cc        0x8 C:/Users/Marisa/OneDrive/Desktop/STM32CubeIDE_1.14.1/STM32CubeIDE/plugins/com.st.stm32cube.ide.mcu.externaltools.gnu-tools-for-stm32.11.3.rel1.win32_1.1.100.202309141235/tools/bin/../lib/gcc/arm-none-eabi/11.3.1/thumb/v7e-m+fp/hard/crtn.o
                0x00000000080045d4                . = ALIGN (0x4)
                0x00000000080045d4                _etext = .

.vfp11_veneer   0x00000000080045d4        0x0
 .vfp11_veneer  0x00000000080045d4        0x0 linker stubs

.v4_bx          0x00000000080045d4        0x0
 .v4_bx         0x00000000080045d4        0x0 linker stubs

.iplt           0x00000000080045d4        0x0
 .iplt          0x00000000080045d4        0x0 C:/Users/Marisa/OneDrive/Desktop/STM32CubeIDE_1.14.1/STM32CubeIDE/plugins/com.st.stm32cube.ide.mcu.externaltools.gnu-tools-for-stm32.11.3.rel1.win32_1.1.100.202309141235/tools/bin/../lib/gcc/arm-none-eabi/11.3.1/thumb/v7e-m+fp/hard/crtbegin.o

.rodata         0x00000000080045d4       0x48
                0x00000000080045d4                . = ALIGN (0x4)
 *(.rodata)
 *(.rodata*)
 .rodata.AHBPrescTable
                0x00000000080045d4       0x10 ./Core/Src/system_stm32l4xx.o
                0x00000000080045d4                AHBPrescTable
 .rodata.APBPrescTable
                0x00000000080045e4        0x8 ./Core/Src/system_stm32l4xx.o
                0x00000000080045e4                APBPrescTable
 .rodata.MSIRangeTable
                0x00000000080045ec       0x30 ./Core/Src/system_stm32l4xx.o
                0x00000000080045ec                MSIRangeTable
                0x000000000800461c                . = ALIGN (0x4)

.ARM.extab      0x000000000800461c        0x0
                0x000000000800461c                . = ALIGN (0x4)
 *(.ARM.extab* .gnu.linkonce.armextab.*)
                0x000000000800461c                . = ALIGN (0x4)

.ARM            0x000000000800461c        0x8
                0x000000000800461c                . = ALIGN (0x4)
                0x000000000800461c                __exidx_start = .
 *(.ARM.exidx*)
 .ARM.exidx     0x000000000800461c        0x8 C:/Users/Marisa/OneDrive/Desktop/STM32CubeIDE_1.14.1/STM32CubeIDE/plugins/com.st.stm32cube.ide.mcu.externaltools.gnu-tools-for-stm32.11.3.rel1.win32_1.1.100.202309141235/tools/bin/../lib/gcc/arm-none-eabi/11.3.1/thumb/v7e-m+fp/hard\libgcc.a(_udivmoddi4.o)
                0x0000000008004624                __exidx_end = .
                0x0000000008004624                . = ALIGN (0x4)

.rel.dyn        0x0000000008004624        0x0
 .rel.iplt      0x0000000008004624        0x0 C:/Users/Marisa/OneDrive/Desktop/STM32CubeIDE_1.14.1/STM32CubeIDE/plugins/com.st.stm32cube.ide.mcu.externaltools.gnu-tools-for-stm32.11.3.rel1.win32_1.1.100.202309141235/tools/bin/../lib/gcc/arm-none-eabi/11.3.1/thumb/v7e-m+fp/hard/crtbegin.o

.preinit_array  0x0000000008004624        0x0
                0x0000000008004624                . = ALIGN (0x4)
                0x0000000008004624                PROVIDE (__preinit_array_start = .)
 *(.preinit_array*)
                0x0000000008004624                PROVIDE (__preinit_array_end = .)
                0x0000000008004624                . = ALIGN (0x4)

.init_array     0x0000000008004624        0x4
                0x0000000008004624                . = ALIGN (0x4)
                0x0000000008004624                PROVIDE (__init_array_start = .)
 *(SORT_BY_NAME(.init_array.*))
 *(.init_array*)
 .init_array    0x0000000008004624        0x4 C:/Users/Marisa/OneDrive/Desktop/STM32CubeIDE_1.14.1/STM32CubeIDE/plugins/com.st.stm32cube.ide.mcu.externaltools.gnu-tools-for-stm32.11.3.rel1.win32_1.1.100.202309141235/tools/bin/../lib/gcc/arm-none-eabi/11.3.1/thumb/v7e-m+fp/hard/crtbegin.o
                0x0000000008004628                PROVIDE (__init_array_end = .)
                0x0000000008004628                . = ALIGN (0x4)

.fini_array     0x0000000008004628        0x4
                0x0000000008004628                . = ALIGN (0x4)
                [!provide]                        PROVIDE (__fini_array_start = .)
 *(SORT_BY_NAME(.fini_array.*))
 *(.fini_array*)
 .fini_array    0x0000000008004628        0x4 C:/Users/Marisa/OneDrive/Desktop/STM32CubeIDE_1.14.1/STM32CubeIDE/plugins/com.st.stm32cube.ide.mcu.externaltools.gnu-tools-for-stm32.11.3.rel1.win32_1.1.100.202309141235/tools/bin/../lib/gcc/arm-none-eabi/11.3.1/thumb/v7e-m+fp/hard/crtbegin.o
                [!provide]                        PROVIDE (__fini_array_end = .)
                0x000000000800462c                . = ALIGN (0x4)
                0x000000000800462c                _sidata = LOADADDR (.data)

.data           0x0000000020000000        0xc load address 0x000000000800462c
                0x0000000020000000                . = ALIGN (0x4)
                0x0000000020000000                _sdata = .
 *(.data)
 *(.data*)
 .data.SystemCoreClock
                0x0000000020000000        0x4 ./Core/Src/system_stm32l4xx.o
                0x0000000020000000                SystemCoreClock
 .data.uwTickPrio
                0x0000000020000004        0x4 ./Drivers/STM32L4xx_HAL_Driver/Src/stm32l4xx_hal.o
                0x0000000020000004                uwTickPrio
 .data.uwTickFreq
                0x0000000020000008        0x1 ./Drivers/STM32L4xx_HAL_Driver/Src/stm32l4xx_hal.o
                0x0000000020000008                uwTickFreq
 *(.RamFunc)
 *(.RamFunc*)
                0x000000002000000c                . = ALIGN (0x4)
 *fill*         0x0000000020000009        0x3 
                0x000000002000000c                _edata = .

.igot.plt       0x000000002000000c        0x0 load address 0x0000000008004638
 .igot.plt      0x000000002000000c        0x0 C:/Users/Marisa/OneDrive/Desktop/STM32CubeIDE_1.14.1/STM32CubeIDE/plugins/com.st.stm32cube.ide.mcu.externaltools.gnu-tools-for-stm32.11.3.rel1.win32_1.1.100.202309141235/tools/bin/../lib/gcc/arm-none-eabi/11.3.1/thumb/v7e-m+fp/hard/crtbegin.o
                0x000000002000000c                . = ALIGN (0x4)

.bss            0x000000002000000c       0xf4 load address 0x0000000008004638
                0x000000002000000c                _sbss = .
                0x000000002000000c                __bss_start__ = _sbss
 *(.bss)
 .bss           0x000000002000000c       0x1c C:/Users/Marisa/OneDrive/Desktop/STM32CubeIDE_1.14.1/STM32CubeIDE/plugins/com.st.stm32cube.ide.mcu.externaltools.gnu-tools-for-stm32.11.3.rel1.win32_1.1.100.202309141235/tools/bin/../lib/gcc/arm-none-eabi/11.3.1/thumb/v7e-m+fp/hard/crtbegin.o
 *(.bss*)
 .bss.htim3     0x0000000020000028       0x4c ./Core/Src/main.o
                0x0000000020000028                htim3
 .bss.huart2    0x0000000020000074       0x88 ./Core/Src/main.o
                0x0000000020000074                huart2
 .bss.uwTick    0x00000000200000fc        0x4 ./Drivers/STM32L4xx_HAL_Driver/Src/stm32l4xx_hal.o
                0x00000000200000fc                uwTick
 *(COMMON)
                0x0000000020000100                . = ALIGN (0x4)
                0x0000000020000100                _ebss = .
                0x0000000020000100                __bss_end__ = _ebss

._user_heap_stack
                0x0000000020000100      0x600 load address 0x0000000008004638
                0x0000000020000100                . = ALIGN (0x8)
                [!provide]                        PROVIDE (end = .)
                0x0000000020000100                PROVIDE (_end = .)
                0x0000000020000300                . = (. + _Min_Heap_Size)
 *fill*         0x0000000020000100      0x200 
                0x0000000020000700                . = (. + _Min_Stack_Size)
 *fill*         0x0000000020000300      0x400 
                0x0000000020000700                . = ALIGN (0x8)

/DISCARD/
 libc.a(*)
 libm.a(*)
 libgcc.a(*)

.ARM.attributes
                0x0000000000000000       0x30
 *(.ARM.attributes)
 .ARM.attributes
                0x0000000000000000       0x1e C:/Users/Marisa/OneDrive/Desktop/STM32CubeIDE_1.14.1/STM32CubeIDE/plugins/com.st.stm32cube.ide.mcu.externaltools.gnu-tools-for-stm32.11.3.rel1.win32_1.1.100.202309141235/tools/bin/../lib/gcc/arm-none-eabi/11.3.1/thumb/v7e-m+fp/hard/crti.o
 .ARM.attributes
                0x000000000000001e       0x34 C:/Users/Marisa/OneDrive/Desktop/STM32CubeIDE_1.14.1/STM32CubeIDE/plugins/com.st.stm32cube.ide.mcu.externaltools.gnu-tools-for-stm32.11.3.rel1.win32_1.1.100.202309141235/tools/bin/../lib/gcc/arm-none-eabi/11.3.1/thumb/v7e-m+fp/hard/crtbegin.o
 .ARM.attributes
                0x0000000000000052       0x34 ./Core/Src/GPIO.o
 .ARM.attributes
                0x0000000000000086       0x34 ./Core/Src/UART.o
 .ARM.attributes
                0x00000000000000ba       0x34 ./Core/Src/main.o
 .ARM.attributes
                0x00000000000000ee       0x34 ./Core/Src/stm32l4xx_hal_msp.o
 .ARM.attributes
                0x0000000000000122       0x34 ./Core/Src/stm32l4xx_it.o
 .ARM.attributes
                0x0000000000000156       0x34 ./Core/Src/system_stm32l4xx.o
 .ARM.attributes
                0x000000000000018a       0x21 ./Core/Startup/startup_stm32l476rgtx.o
 .ARM.attributes
                0x00000000000001ab       0x34 ./Drivers/STM32L4xx_HAL_Driver/Src/stm32l4xx_hal.o
 .ARM.attributes
                0x00000000000001df       0x34 ./Drivers/STM32L4xx_HAL_Driver/Src/stm32l4xx_hal_cortex.o
 .ARM.attributes
                0x0000000000000213       0x34 ./Drivers/STM32L4xx_HAL_Driver/Src/stm32l4xx_hal_gpio.o
 .ARM.attributes
                0x0000000000000247       0x34 ./Drivers/STM32L4xx_HAL_Driver/Src/stm32l4xx_hal_pwr_ex.o
 .ARM.attributes
                0x000000000000027b       0x34 ./Drivers/STM32L4xx_HAL_Driver/Src/stm32l4xx_hal_rcc.o
 .ARM.attributes
                0x00000000000002af       0x34 ./Drivers/STM32L4xx_HAL_Driver/Src/stm32l4xx_hal_rcc_ex.o
 .ARM.attributes
                0x00000000000002e3       0x34 ./Drivers/STM32L4xx_HAL_Driver/Src/stm32l4xx_hal_tim.o
 .ARM.attributes
                0x0000000000000317       0x34 ./Drivers/STM32L4xx_HAL_Driver/Src/stm32l4xx_hal_tim_ex.o
 .ARM.attributes
                0x000000000000034b       0x34 ./Drivers/STM32L4xx_HAL_Driver/Src/stm32l4xx_hal_uart.o
 .ARM.attributes
                0x000000000000037f       0x34 C:/Users/Marisa/OneDrive/Desktop/STM32CubeIDE_1.14.1/STM32CubeIDE/plugins/com.st.stm32cube.ide.mcu.externaltools.gnu-tools-for-stm32.11.3.rel1.win32_1.1.100.202309141235/tools/bin/../lib/gcc/arm-none-eabi/11.3.1/../../../../arm-none-eabi/lib/thumb/v7e-m+fp/hard\libc_nano.a(libc_a-memset.o)
 .ARM.attributes
                0x00000000000003b3       0x34 C:/Users/Marisa/OneDrive/Desktop/STM32CubeIDE_1.14.1/STM32CubeIDE/plugins/com.st.stm32cube.ide.mcu.externaltools.gnu-tools-for-stm32.11.3.rel1.win32_1.1.100.202309141235/tools/bin/../lib/gcc/arm-none-eabi/11.3.1/../../../../arm-none-eabi/lib/thumb/v7e-m+fp/hard\libc_nano.a(libc_a-init.o)
 .ARM.attributes
                0x00000000000003e7       0x1e C:/Users/Marisa/OneDrive/Desktop/STM32CubeIDE_1.14.1/STM32CubeIDE/plugins/com.st.stm32cube.ide.mcu.externaltools.gnu-tools-for-stm32.11.3.rel1.win32_1.1.100.202309141235/tools/bin/../lib/gcc/arm-none-eabi/11.3.1/thumb/v7e-m+fp/hard\libgcc.a(_aeabi_uldivmod.o)
 .ARM.attributes
                0x0000000000000405       0x34 C:/Users/Marisa/OneDrive/Desktop/STM32CubeIDE_1.14.1/STM32CubeIDE/plugins/com.st.stm32cube.ide.mcu.externaltools.gnu-tools-for-stm32.11.3.rel1.win32_1.1.100.202309141235/tools/bin/../lib/gcc/arm-none-eabi/11.3.1/thumb/v7e-m+fp/hard\libgcc.a(_udivmoddi4.o)
 .ARM.attributes
                0x0000000000000439       0x1e C:/Users/Marisa/OneDrive/Desktop/STM32CubeIDE_1.14.1/STM32CubeIDE/plugins/com.st.stm32cube.ide.mcu.externaltools.gnu-tools-for-stm32.11.3.rel1.win32_1.1.100.202309141235/tools/bin/../lib/gcc/arm-none-eabi/11.3.1/thumb/v7e-m+fp/hard\libgcc.a(_dvmd_tls.o)
 .ARM.attributes
                0x0000000000000457       0x1e C:/Users/Marisa/OneDrive/Desktop/STM32CubeIDE_1.14.1/STM32CubeIDE/plugins/com.st.stm32cube.ide.mcu.externaltools.gnu-tools-for-stm32.11.3.rel1.win32_1.1.100.202309141235/tools/bin/../lib/gcc/arm-none-eabi/11.3.1/thumb/v7e-m+fp/hard/crtn.o
OUTPUT(P2.elf elf32-littlearm)
LOAD linker stubs
LOAD C:/Users/Marisa/OneDrive/Desktop/STM32CubeIDE_1.14.1/STM32CubeIDE/plugins/com.st.stm32cube.ide.mcu.externaltools.gnu-tools-for-stm32.11.3.rel1.win32_1.1.100.202309141235/tools/bin/../lib/gcc/arm-none-eabi/11.3.1/../../../../arm-none-eabi/lib/thumb/v7e-m+fp/hard\libc.a
LOAD C:/Users/Marisa/OneDrive/Desktop/STM32CubeIDE_1.14.1/STM32CubeIDE/plugins/com.st.stm32cube.ide.mcu.externaltools.gnu-tools-for-stm32.11.3.rel1.win32_1.1.100.202309141235/tools/bin/../lib/gcc/arm-none-eabi/11.3.1/../../../../arm-none-eabi/lib/thumb/v7e-m+fp/hard\libm.a
LOAD C:/Users/Marisa/OneDrive/Desktop/STM32CubeIDE_1.14.1/STM32CubeIDE/plugins/com.st.stm32cube.ide.mcu.externaltools.gnu-tools-for-stm32.11.3.rel1.win32_1.1.100.202309141235/tools/bin/../lib/gcc/arm-none-eabi/11.3.1/thumb/v7e-m+fp/hard\libgcc.a

.comment        0x0000000000000000       0x43
 .comment       0x0000000000000000       0x43 C:/Users/Marisa/OneDrive/Desktop/STM32CubeIDE_1.14.1/STM32CubeIDE/plugins/com.st.stm32cube.ide.mcu.externaltools.gnu-tools-for-stm32.11.3.rel1.win32_1.1.100.202309141235/tools/bin/../lib/gcc/arm-none-eabi/11.3.1/thumb/v7e-m+fp/hard/crtbegin.o
                                         0x44 (size before relaxing)
 .comment       0x0000000000000043       0x44 ./Core/Src/GPIO.o
 .comment       0x0000000000000043       0x44 ./Core/Src/UART.o
 .comment       0x0000000000000043       0x44 ./Core/Src/main.o
 .comment       0x0000000000000043       0x44 ./Core/Src/stm32l4xx_hal_msp.o
 .comment       0x0000000000000043       0x44 ./Core/Src/stm32l4xx_it.o
 .comment       0x0000000000000043       0x44 ./Core/Src/system_stm32l4xx.o
 .comment       0x0000000000000043       0x44 ./Drivers/STM32L4xx_HAL_Driver/Src/stm32l4xx_hal.o
 .comment       0x0000000000000043       0x44 ./Drivers/STM32L4xx_HAL_Driver/Src/stm32l4xx_hal_cortex.o
 .comment       0x0000000000000043       0x44 ./Drivers/STM32L4xx_HAL_Driver/Src/stm32l4xx_hal_gpio.o
 .comment       0x0000000000000043       0x44 ./Drivers/STM32L4xx_HAL_Driver/Src/stm32l4xx_hal_pwr_ex.o
 .comment       0x0000000000000043       0x44 ./Drivers/STM32L4xx_HAL_Driver/Src/stm32l4xx_hal_rcc.o
 .comment       0x0000000000000043       0x44 ./Drivers/STM32L4xx_HAL_Driver/Src/stm32l4xx_hal_rcc_ex.o
 .comment       0x0000000000000043       0x44 ./Drivers/STM32L4xx_HAL_Driver/Src/stm32l4xx_hal_tim.o
 .comment       0x0000000000000043       0x44 ./Drivers/STM32L4xx_HAL_Driver/Src/stm32l4xx_hal_tim_ex.o
 .comment       0x0000000000000043       0x44 ./Drivers/STM32L4xx_HAL_Driver/Src/stm32l4xx_hal_uart.o

.debug_info     0x0000000000000000     0xf73e
 .debug_info    0x0000000000000000      0x4bb ./Core/Src/GPIO.o
 .debug_info    0x00000000000004bb      0x582 ./Core/Src/UART.o
 .debug_info    0x0000000000000a3d     0x1385 ./Core/Src/main.o
 .debug_info    0x0000000000001dc2     0x1152 ./Core/Src/stm32l4xx_hal_msp.o
 .debug_info    0x0000000000002f14      0x113 ./Core/Src/stm32l4xx_it.o
 .debug_info    0x0000000000003027      0x5b1 ./Core/Src/system_stm32l4xx.o
 .debug_info    0x00000000000035d8       0x23 ./Core/Startup/startup_stm32l476rgtx.o
 .debug_info    0x00000000000035fb      0xc3c ./Drivers/STM32L4xx_HAL_Driver/Src/stm32l4xx_hal.o
 .debug_info    0x0000000000004237      0xd4c ./Drivers/STM32L4xx_HAL_Driver/Src/stm32l4xx_hal_cortex.o
 .debug_info    0x0000000000004f83      0x757 ./Drivers/STM32L4xx_HAL_Driver/Src/stm32l4xx_hal_gpio.o
 .debug_info    0x00000000000056da      0x99e ./Drivers/STM32L4xx_HAL_Driver/Src/stm32l4xx_hal_pwr_ex.o
 .debug_info    0x0000000000006078      0xc14 ./Drivers/STM32L4xx_HAL_Driver/Src/stm32l4xx_hal_rcc.o
 .debug_info    0x0000000000006c8c      0xe11 ./Drivers/STM32L4xx_HAL_Driver/Src/stm32l4xx_hal_rcc_ex.o
 .debug_info    0x0000000000007a9d     0x2a9a ./Drivers/STM32L4xx_HAL_Driver/Src/stm32l4xx_hal_tim.o
 .debug_info    0x000000000000a537     0x169e ./Drivers/STM32L4xx_HAL_Driver/Src/stm32l4xx_hal_tim_ex.o
 .debug_info    0x000000000000bbd5     0x3b69 ./Drivers/STM32L4xx_HAL_Driver/Src/stm32l4xx_hal_uart.o

.debug_abbrev   0x0000000000000000     0x1f98
 .debug_abbrev  0x0000000000000000      0x134 ./Core/Src/GPIO.o
 .debug_abbrev  0x0000000000000134      0x171 ./Core/Src/UART.o
 .debug_abbrev  0x00000000000002a5      0x2d0 ./Core/Src/main.o
 .debug_abbrev  0x0000000000000575      0x205 ./Core/Src/stm32l4xx_hal_msp.o
 .debug_abbrev  0x000000000000077a       0x73 ./Core/Src/stm32l4xx_it.o
 .debug_abbrev  0x00000000000007ed      0x11a ./Core/Src/system_stm32l4xx.o
 .debug_abbrev  0x0000000000000907       0x12 ./Core/Startup/startup_stm32l476rgtx.o
 .debug_abbrev  0x0000000000000919      0x258 ./Drivers/STM32L4xx_HAL_Driver/Src/stm32l4xx_hal.o
 .debug_abbrev  0x0000000000000b71      0x327 ./Drivers/STM32L4xx_HAL_Driver/Src/stm32l4xx_hal_cortex.o
 .debug_abbrev  0x0000000000000e98      0x1cb ./Drivers/STM32L4xx_HAL_Driver/Src/stm32l4xx_hal_gpio.o
 .debug_abbrev  0x0000000000001063      0x1f9 ./Drivers/STM32L4xx_HAL_Driver/Src/stm32l4xx_hal_pwr_ex.o
 .debug_abbrev  0x000000000000125c      0x2cb ./Drivers/STM32L4xx_HAL_Driver/Src/stm32l4xx_hal_rcc.o
 .debug_abbrev  0x0000000000001527      0x2a6 ./Drivers/STM32L4xx_HAL_Driver/Src/stm32l4xx_hal_rcc_ex.o
 .debug_abbrev  0x00000000000017cd      0x278 ./Drivers/STM32L4xx_HAL_Driver/Src/stm32l4xx_hal_tim.o
 .debug_abbrev  0x0000000000001a45      0x283 ./Drivers/STM32L4xx_HAL_Driver/Src/stm32l4xx_hal_tim_ex.o
 .debug_abbrev  0x0000000000001cc8      0x2d0 ./Drivers/STM32L4xx_HAL_Driver/Src/stm32l4xx_hal_uart.o

.debug_aranges  0x0000000000000000      0xe90
 .debug_aranges
                0x0000000000000000       0x20 ./Core/Src/GPIO.o
 .debug_aranges
                0x0000000000000020       0x50 ./Core/Src/UART.o
 .debug_aranges
                0x0000000000000070       0x50 ./Core/Src/main.o
 .debug_aranges
                0x00000000000000c0       0x48 ./Core/Src/stm32l4xx_hal_msp.o
 .debug_aranges
                0x0000000000000108       0x60 ./Core/Src/stm32l4xx_it.o
 .debug_aranges
                0x0000000000000168       0x28 ./Core/Src/system_stm32l4xx.o
 .debug_aranges
                0x0000000000000190       0x28 ./Core/Startup/startup_stm32l476rgtx.o
 .debug_aranges
                0x00000000000001b8      0x130 ./Drivers/STM32L4xx_HAL_Driver/Src/stm32l4xx_hal.o
 .debug_aranges
                0x00000000000002e8      0x118 ./Drivers/STM32L4xx_HAL_Driver/Src/stm32l4xx_hal_cortex.o
 .debug_aranges
                0x0000000000000400       0x58 ./Drivers/STM32L4xx_HAL_Driver/Src/stm32l4xx_hal_gpio.o
 .debug_aranges
                0x0000000000000458      0x160 ./Drivers/STM32L4xx_HAL_Driver/Src/stm32l4xx_hal_pwr_ex.o
 .debug_aranges
                0x00000000000005b8       0x90 ./Drivers/STM32L4xx_HAL_Driver/Src/stm32l4xx_hal_rcc.o
 .debug_aranges
                0x0000000000000648       0xc0 ./Drivers/STM32L4xx_HAL_Driver/Src/stm32l4xx_hal_rcc_ex.o
 .debug_aranges
                0x0000000000000708      0x3e0 ./Drivers/STM32L4xx_HAL_Driver/Src/stm32l4xx_hal_tim.o
 .debug_aranges
                0x0000000000000ae8      0x180 ./Drivers/STM32L4xx_HAL_Driver/Src/stm32l4xx_hal_tim_ex.o
 .debug_aranges
                0x0000000000000c68      0x228 ./Drivers/STM32L4xx_HAL_Driver/Src/stm32l4xx_hal_uart.o

.debug_rnglists
                0x0000000000000000      0xb64
 .debug_rnglists
                0x0000000000000000       0x14 ./Core/Src/GPIO.o
 .debug_rnglists
                0x0000000000000014       0x3a ./Core/Src/UART.o
 .debug_rnglists
                0x000000000000004e       0x3b ./Core/Src/main.o
 .debug_rnglists
                0x0000000000000089       0x32 ./Core/Src/stm32l4xx_hal_msp.o
 .debug_rnglists
                0x00000000000000bb       0x43 ./Core/Src/stm32l4xx_it.o
 .debug_rnglists
                0x00000000000000fe       0x1a ./Core/Src/system_stm32l4xx.o
 .debug_rnglists
                0x0000000000000118       0x19 ./Core/Startup/startup_stm32l476rgtx.o
 .debug_rnglists
                0x0000000000000131       0xdf ./Drivers/STM32L4xx_HAL_Driver/Src/stm32l4xx_hal.o
 .debug_rnglists
                0x0000000000000210       0xce ./Drivers/STM32L4xx_HAL_Driver/Src/stm32l4xx_hal_cortex.o
 .debug_rnglists
                0x00000000000002de       0x3f ./Drivers/STM32L4xx_HAL_Driver/Src/stm32l4xx_hal_gpio.o
 .debug_rnglists
                0x000000000000031d      0x109 ./Drivers/STM32L4xx_HAL_Driver/Src/stm32l4xx_hal_pwr_ex.o
 .debug_rnglists
                0x0000000000000426       0x6d ./Drivers/STM32L4xx_HAL_Driver/Src/stm32l4xx_hal_rcc.o
 .debug_rnglists
                0x0000000000000493       0x95 ./Drivers/STM32L4xx_HAL_Driver/Src/stm32l4xx_hal_rcc_ex.o
 .debug_rnglists
                0x0000000000000528      0x328 ./Drivers/STM32L4xx_HAL_Driver/Src/stm32l4xx_hal_tim.o
 .debug_rnglists
                0x0000000000000850      0x139 ./Drivers/STM32L4xx_HAL_Driver/Src/stm32l4xx_hal_tim_ex.o
 .debug_rnglists
                0x0000000000000989      0x1db ./Drivers/STM32L4xx_HAL_Driver/Src/stm32l4xx_hal_uart.o

.debug_macro    0x0000000000000000    0x2601d
 .debug_macro   0x0000000000000000      0x1e7 ./Core/Src/GPIO.o
 .debug_macro   0x00000000000001e7      0xaa8 ./Core/Src/GPIO.o
 .debug_macro   0x0000000000000c8f      0x1a7 ./Core/Src/GPIO.o
 .debug_macro   0x0000000000000e36       0x2e ./Core/Src/GPIO.o
 .debug_macro   0x0000000000000e64       0x28 ./Core/Src/GPIO.o
 .debug_macro   0x0000000000000e8c       0x22 ./Core/Src/GPIO.o
 .debug_macro   0x0000000000000eae       0x8e ./Core/Src/GPIO.o
 .debug_macro   0x0000000000000f3c       0x51 ./Core/Src/GPIO.o
 .debug_macro   0x0000000000000f8d      0x103 ./Core/Src/GPIO.o
 .debug_macro   0x0000000000001090       0x6a ./Core/Src/GPIO.o
 .debug_macro   0x00000000000010fa      0x1df ./Core/Src/GPIO.o
 .debug_macro   0x00000000000012d9       0x1c ./Core/Src/GPIO.o
 .debug_macro   0x00000000000012f5       0x22 ./Core/Src/GPIO.o
 .debug_macro   0x0000000000001317       0xfb ./Core/Src/GPIO.o
 .debug_macro   0x0000000000001412     0x1011 ./Core/Src/GPIO.o
 .debug_macro   0x0000000000002423      0x11f ./Core/Src/GPIO.o
 .debug_macro   0x0000000000002542    0x1a17a ./Core/Src/GPIO.o
 .debug_macro   0x000000000001c6bc       0x6d ./Core/Src/GPIO.o
 .debug_macro   0x000000000001c729     0x38e6 ./Core/Src/GPIO.o
 .debug_macro   0x000000000002000f      0x174 ./Core/Src/GPIO.o
 .debug_macro   0x0000000000020183       0x5c ./Core/Src/GPIO.o
 .debug_macro   0x00000000000201df     0x159e ./Core/Src/GPIO.o
 .debug_macro   0x000000000002177d      0x5a5 ./Core/Src/GPIO.o
 .debug_macro   0x0000000000021d22      0x1b9 ./Core/Src/GPIO.o
 .debug_macro   0x0000000000021edb      0x18b ./Core/Src/GPIO.o
 .debug_macro   0x0000000000022066      0x26b ./Core/Src/GPIO.o
 .debug_macro   0x00000000000222d1      0x23d ./Core/Src/GPIO.o
 .debug_macro   0x000000000002250e      0x241 ./Core/Src/GPIO.o
 .debug_macro   0x000000000002274f      0x37c ./Core/Src/GPIO.o
 .debug_macro   0x0000000000022acb       0xd6 ./Core/Src/GPIO.o
 .debug_macro   0x0000000000022ba1      0x122 ./Core/Src/GPIO.o
 .debug_macro   0x0000000000022cc3      0x3ef ./Core/Src/GPIO.o
 .debug_macro   0x00000000000230b2      0xa98 ./Core/Src/GPIO.o
 .debug_macro   0x0000000000023b4a      0x1e6 ./Core/Src/GPIO.o
 .debug_macro   0x0000000000023d30      0x5cf ./Core/Src/GPIO.o
 .debug_macro   0x00000000000242ff       0x44 ./Core/Src/GPIO.o
 .debug_macro   0x0000000000024343      0x330 ./Core/Src/GPIO.o
 .debug_macro   0x0000000000024673       0x58 ./Core/Src/GPIO.o
 .debug_macro   0x00000000000246cb       0x10 ./Core/Src/GPIO.o
 .debug_macro   0x00000000000246db       0x22 ./Core/Src/GPIO.o
 .debug_macro   0x00000000000246fd       0xdb ./Core/Src/UART.o
 .debug_macro   0x00000000000247d8      0x200 ./Core/Src/main.o
 .debug_macro   0x00000000000249d8      0x1cf ./Core/Src/stm32l4xx_hal_msp.o
 .debug_macro   0x0000000000024ba7      0x1d9 ./Core/Src/stm32l4xx_it.o
 .debug_macro   0x0000000000024d80      0x1c0 ./Core/Src/system_stm32l4xx.o
 .debug_macro   0x0000000000024f40      0x20e ./Drivers/STM32L4xx_HAL_Driver/Src/stm32l4xx_hal.o
 .debug_macro   0x000000000002514e      0x1c0 ./Drivers/STM32L4xx_HAL_Driver/Src/stm32l4xx_hal_cortex.o
 .debug_macro   0x000000000002530e      0x1c7 ./Drivers/STM32L4xx_HAL_Driver/Src/stm32l4xx_hal_gpio.o
 .debug_macro   0x00000000000254d5      0x1e4 ./Drivers/STM32L4xx_HAL_Driver/Src/stm32l4xx_hal_pwr_ex.o
 .debug_macro   0x00000000000256b9      0x202 ./Drivers/STM32L4xx_HAL_Driver/Src/stm32l4xx_hal_rcc.o
 .debug_macro   0x00000000000258bb      0x1f6 ./Drivers/STM32L4xx_HAL_Driver/Src/stm32l4xx_hal_rcc_ex.o
 .debug_macro   0x0000000000025ab1      0x1c1 ./Drivers/STM32L4xx_HAL_Driver/Src/stm32l4xx_hal_tim.o
 .debug_macro   0x0000000000025c72      0x1c0 ./Drivers/STM32L4xx_HAL_Driver/Src/stm32l4xx_hal_tim_ex.o
 .debug_macro   0x0000000000025e32      0x1eb ./Drivers/STM32L4xx_HAL_Driver/Src/stm32l4xx_hal_uart.o

.debug_line     0x0000000000000000    0x11047
 .debug_line    0x0000000000000000      0x762 ./Core/Src/GPIO.o
 .debug_line    0x0000000000000762      0x69f ./Core/Src/UART.o
 .debug_line    0x0000000000000e01      0x8ed ./Core/Src/main.o
 .debug_line    0x00000000000016ee      0x7f2 ./Core/Src/stm32l4xx_hal_msp.o
 .debug_line    0x0000000000001ee0      0x7ee ./Core/Src/stm32l4xx_it.o
 .debug_line    0x00000000000026ce      0x7c3 ./Core/Src/system_stm32l4xx.o
 .debug_line    0x0000000000002e91       0x7a ./Core/Startup/startup_stm32l476rgtx.o
 .debug_line    0x0000000000002f0b      0xb20 ./Drivers/STM32L4xx_HAL_Driver/Src/stm32l4xx_hal.o
 .debug_line    0x0000000000003a2b      0xcc2 ./Drivers/STM32L4xx_HAL_Driver/Src/stm32l4xx_hal_cortex.o
 .debug_line    0x00000000000046ed      0xb8f ./Drivers/STM32L4xx_HAL_Driver/Src/stm32l4xx_hal_gpio.o
 .debug_line    0x000000000000527c      0xd13 ./Drivers/STM32L4xx_HAL_Driver/Src/stm32l4xx_hal_pwr_ex.o
 .debug_line    0x0000000000005f8f      0xf92 ./Drivers/STM32L4xx_HAL_Driver/Src/stm32l4xx_hal_rcc.o
 .debug_line    0x0000000000006f21     0x150c ./Drivers/STM32L4xx_HAL_Driver/Src/stm32l4xx_hal_rcc_ex.o
 .debug_line    0x000000000000842d     0x3df5 ./Drivers/STM32L4xx_HAL_Driver/Src/stm32l4xx_hal_tim.o
 .debug_line    0x000000000000c222     0x1c2a ./Drivers/STM32L4xx_HAL_Driver/Src/stm32l4xx_hal_tim_ex.o
 .debug_line    0x000000000000de4c     0x31fb ./Drivers/STM32L4xx_HAL_Driver/Src/stm32l4xx_hal_uart.o

.debug_str      0x0000000000000000    0xee8ad
 .debug_str     0x0000000000000000    0xea074 ./Core/Src/GPIO.o
                                      0xea323 (size before relaxing)
 .debug_str     0x00000000000ea074       0xe2 ./Core/Src/UART.o
                                      0x9e417 (size before relaxing)
 .debug_str     0x00000000000ea156      0xacc ./Core/Src/main.o
                                      0xeaedc (size before relaxing)
 .debug_str     0x00000000000eac22      0x315 ./Core/Src/stm32l4xx_hal_msp.o
                                      0xead59 (size before relaxing)
 .debug_str     0x00000000000eaf37       0xc9 ./Core/Src/stm32l4xx_it.o
                                      0xea14d (size before relaxing)
 .debug_str     0x00000000000eb000       0xf2 ./Core/Src/system_stm32l4xx.o
                                      0xea1b5 (size before relaxing)
 .debug_str     0x00000000000eb0f2       0x34 ./Core/Startup/startup_stm32l476rgtx.o
                                         0x6b (size before relaxing)
 .debug_str     0x00000000000eb126      0xb0f ./Drivers/STM32L4xx_HAL_Driver/Src/stm32l4xx_hal.o
                                      0xeadbb (size before relaxing)
 .debug_str     0x00000000000ebc35      0x344 ./Drivers/STM32L4xx_HAL_Driver/Src/stm32l4xx_hal_cortex.o
                                      0xea9fc (size before relaxing)
 .debug_str     0x00000000000ebf79      0x123 ./Drivers/STM32L4xx_HAL_Driver/Src/stm32l4xx_hal_gpio.o
                                      0xea32e (size before relaxing)
 .debug_str     0x00000000000ec09c      0x4e3 ./Drivers/STM32L4xx_HAL_Driver/Src/stm32l4xx_hal_pwr_ex.o
                                      0xea710 (size before relaxing)
 .debug_str     0x00000000000ec57f      0x345 ./Drivers/STM32L4xx_HAL_Driver/Src/stm32l4xx_hal_rcc.o
                                      0xea7fb (size before relaxing)
 .debug_str     0x00000000000ec8c4      0x3bf ./Drivers/STM32L4xx_HAL_Driver/Src/stm32l4xx_hal_rcc_ex.o
                                      0xea974 (size before relaxing)
 .debug_str     0x00000000000ecc83      0xdcc ./Drivers/STM32L4xx_HAL_Driver/Src/stm32l4xx_hal_tim.o
                                      0xeb4f5 (size before relaxing)
 .debug_str     0x00000000000eda4f      0x588 ./Drivers/STM32L4xx_HAL_Driver/Src/stm32l4xx_hal_tim_ex.o
                                      0xeae09 (size before relaxing)
 .debug_str     0x00000000000edfd7      0x8d6 ./Drivers/STM32L4xx_HAL_Driver/Src/stm32l4xx_hal_uart.o
                                      0xeaf0d (size before relaxing)

.debug_frame    0x0000000000000000     0x3d0c
 .debug_frame   0x0000000000000000       0x34 ./Core/Src/GPIO.o
 .debug_frame   0x0000000000000034      0x110 ./Core/Src/UART.o
 .debug_frame   0x0000000000000144       0xf4 ./Core/Src/main.o
 .debug_frame   0x0000000000000238       0xf8 ./Core/Src/stm32l4xx_hal_msp.o
 .debug_frame   0x0000000000000330      0x104 ./Core/Src/stm32l4xx_it.o
 .debug_frame   0x0000000000000434       0x58 ./Core/Src/system_stm32l4xx.o
 .debug_frame   0x000000000000048c      0x498 ./Drivers/STM32L4xx_HAL_Driver/Src/stm32l4xx_hal.o
 .debug_frame   0x0000000000000924      0x498 ./Drivers/STM32L4xx_HAL_Driver/Src/stm32l4xx_hal_cortex.o
 .debug_frame   0x0000000000000dbc      0x14c ./Drivers/STM32L4xx_HAL_Driver/Src/stm32l4xx_hal_gpio.o
 .debug_frame   0x0000000000000f08      0x584 ./Drivers/STM32L4xx_HAL_Driver/Src/stm32l4xx_hal_pwr_ex.o
 .debug_frame   0x000000000000148c      0x21c ./Drivers/STM32L4xx_HAL_Driver/Src/stm32l4xx_hal_rcc.o
 .debug_frame   0x00000000000016a8      0x2fc ./Drivers/STM32L4xx_HAL_Driver/Src/stm32l4xx_hal_rcc_ex.o
 .debug_frame   0x00000000000019a4     0x1218 ./Drivers/STM32L4xx_HAL_Driver/Src/stm32l4xx_hal_tim.o
 .debug_frame   0x0000000000002bbc      0x6b0 ./Drivers/STM32L4xx_HAL_Driver/Src/stm32l4xx_hal_tim_ex.o
 .debug_frame   0x000000000000326c      0x9f4 ./Drivers/STM32L4xx_HAL_Driver/Src/stm32l4xx_hal_uart.o
 .debug_frame   0x0000000000003c60       0x20 C:/Users/Marisa/OneDrive/Desktop/STM32CubeIDE_1.14.1/STM32CubeIDE/plugins/com.st.stm32cube.ide.mcu.externaltools.gnu-tools-for-stm32.11.3.rel1.win32_1.1.100.202309141235/tools/bin/../lib/gcc/arm-none-eabi/11.3.1/../../../../arm-none-eabi/lib/thumb/v7e-m+fp/hard\libc_nano.a(libc_a-memset.o)
 .debug_frame   0x0000000000003c80       0x2c C:/Users/Marisa/OneDrive/Desktop/STM32CubeIDE_1.14.1/STM32CubeIDE/plugins/com.st.stm32cube.ide.mcu.externaltools.gnu-tools-for-stm32.11.3.rel1.win32_1.1.100.202309141235/tools/bin/../lib/gcc/arm-none-eabi/11.3.1/../../../../arm-none-eabi/lib/thumb/v7e-m+fp/hard\libc_nano.a(libc_a-init.o)
 .debug_frame   0x0000000000003cac       0x2c C:/Users/Marisa/OneDrive/Desktop/STM32CubeIDE_1.14.1/STM32CubeIDE/plugins/com.st.stm32cube.ide.mcu.externaltools.gnu-tools-for-stm32.11.3.rel1.win32_1.1.100.202309141235/tools/bin/../lib/gcc/arm-none-eabi/11.3.1/thumb/v7e-m+fp/hard\libgcc.a(_aeabi_uldivmod.o)
 .debug_frame   0x0000000000003cd8       0x34 C:/Users/Marisa/OneDrive/Desktop/STM32CubeIDE_1.14.1/STM32CubeIDE/plugins/com.st.stm32cube.ide.mcu.externaltools.gnu-tools-for-stm32.11.3.rel1.win32_1.1.100.202309141235/tools/bin/../lib/gcc/arm-none-eabi/11.3.1/thumb/v7e-m+fp/hard\libgcc.a(_udivmoddi4.o)

.debug_line_str
                0x0000000000000000       0x5f
 .debug_line_str
                0x0000000000000000       0x5f ./Core/Startup/startup_stm32l476rgtx.o
                                         0x77 (size before relaxing)
